[hollyrudgi.com.br/index.html]
[backblue.gif]
[fade.gif]
[index.html]
[hollyrudgi.com.br/_astro-1721667831222/_slug_.Cbh2bJqY.css]
[hollyrudgi.com.br/t]
[assets.zyrosite.com/cdn-cgi/image/format=auto,w=272,fit=crop,q=95/m6LJqljD6JhEKg1q/logo-hollyrudgi-Aq2o1rW0MXiXLpE1.png]
[hollyrudgi.com.br/sobre.html]
[hollyrudgi.com.br/servicos.html]
[hollyrudgi.com.br/contato.html]
[images.pexels.com/videos/1841356/free-video-18413568a9e.jpg]
[assets.zyrosite.com/cdn-cgi/image/format=auto,w=63,h=63,fit=crop/m6LJqljD6JhEKg1q/brisandocomruy-YD04yNl1wgupv3bG.jpg]
[assets.zyrosite.com/cdn-cgi/image/format=auto,w=51,h=50,fit=crop/m6LJqljD6JhEKg1q/brisandocomruy-YD04yNl1wgupv3bG.jpg]
[assets.zyrosite.com/cdn-cgi/image/format=auto,w=30,h=18,fit=crop,trim=42.19047619047619;0;42.19047619047619;0/m6LJqljD6JhEKg1q/youtube_logo-YNqr9aP0nwfaN2Zb.png]
[assets.zyrosite.com/cdn-cgi/image/format=auto,w=16,h=11,fit=crop,trim=0;0;0;0/m6LJqljD6JhEKg1q/youtube_logo-YNqr9aP0nwfaN2Zb.png]
[assets.zyrosite.com/cdn-cgi/image/format=auto,w=48,h=48,fit=crop/m6LJqljD6JhEKg1q/ruycardozo-AVLbWraGoXsNvrPv.jpg]
[assets.zyrosite.com/cdn-cgi/image/format=auto,w=49,h=48,fit=crop/m6LJqljD6JhEKg1q/ruycardozo-AVLbWraGoXsNvrPv.jpg]
[assets.zyrosite.com/cdn-cgi/image/format=auto,w=48,h=48,fit=crop/m6LJqljD6JhEKg1q/holly-perfil-mjE98Xx1kKTg3KK5.jpg]
[assets.zyrosite.com/cdn-cgi/image/format=auto,w=45,h=44,fit=crop/m6LJqljD6JhEKg1q/holly-perfil-mjE98Xx1kKTg3KK5.jpg]
[assets.zyrosite.com/cdn-cgi/image/format=auto,w=43,h=43,fit=crop/m6LJqljD6JhEKg1q/edybrow-m7VKq1bBN9hR6oBY.jpg]
[assets.zyrosite.com/cdn-cgi/image/format=auto,w=47,h=46,fit=crop/m6LJqljD6JhEKg1q/edybrow-m7VKq1bBN9hR6oBY.jpg]
[assets.zyrosite.com/cdn-cgi/image/format=auto,w=24,h=14,fit=crop,trim=52.11764705882353;0;52.11764705882353;0/m6LJqljD6JhEKg1q/youtube_logo-YNqr9aP0nwfaN2Zb.png]
[assets.zyrosite.com/cdn-cgi/image/format=auto,w=19,h=10,fit=crop,trim=68.15384615384616;0;68.15384615384616;0/m6LJqljD6JhEKg1q/youtube_logo-YNqr9aP0nwfaN2Zb.png]
[assets.zyrosite.com/cdn-cgi/image/format=auto,w=17,h=10,fit=crop,trim=36.916666666666664;0;36.916666666666664;0/m6LJqljD6JhEKg1q/youtube_logo-YNqr9aP0nwfaN2Zb.png]
[assets.zyrosite.com/cdn-cgi/image/format=auto,w=18,h=12,fit=crop,trim=0;0;0;0/m6LJqljD6JhEKg1q/youtube_logo-YNqr9aP0nwfaN2Zb.png]
[assets.zyrosite.com/cdn-cgi/image/format=auto,w=43,h=43,fit=crop/m6LJqljD6JhEKg1q/luna-tica-Yan9OkJ39RuX6RZa.jpg]
[assets.zyrosite.com/cdn-cgi/image/format=auto,w=47,h=46,fit=crop/m6LJqljD6JhEKg1q/luna-tica-Yan9OkJ39RuX6RZa.jpg]
[assets.zyrosite.com/cdn-cgi/image/format=auto,w=26,h=16,fit=crop,trim=24.61111111111111;0;24.61111111111111;0/m6LJqljD6JhEKg1q/youtube_logo-YNqr9aP0nwfaN2Zb.png]
[assets.zyrosite.com/cdn-cgi/image/format=auto,w=19,h=12,fit=crop,trim=34.07692307692308;0;34.07692307692308;0/m6LJqljD6JhEKg1q/youtube_logo-YNqr9aP0nwfaN2Zb.png]
[assets.zyrosite.com/cdn-cgi/image/format=auto,w=52,h=52,fit=crop/m6LJqljD6JhEKg1q/brisandocomrudgi-m5Kbp3neynSGvwRJ.jpg]
[assets.zyrosite.com/cdn-cgi/image/format=auto,w=49,h=48,fit=crop/m6LJqljD6JhEKg1q/brisandocomrudgi-m5Kbp3neynSGvwRJ.jpg]
[assets.zyrosite.com/cdn-cgi/image/format=auto,w=52,h=52,fit=crop/m6LJqljD6JhEKg1q/brisandohouse-YX4bWrxGPwi60joq.jpg]
[assets.zyrosite.com/cdn-cgi/image/format=auto,w=49,h=48,fit=crop/m6LJqljD6JhEKg1q/brisandohouse-YX4bWrxGPwi60joq.jpg]
[assets.zyrosite.com/cdn-cgi/image/format=auto,w=38,h=38,fit=crop/m6LJqljD6JhEKg1q/rudgishorts-dJo4EXb8kJseXgZr.jpg]
[assets.zyrosite.com/cdn-cgi/image/format=auto,w=49,h=48,fit=crop/m6LJqljD6JhEKg1q/rudgishorts-dJo4EXb8kJseXgZr.jpg]
[assets.zyrosite.com/cdn-cgi/image/format=auto,w=38,h=38,fit=crop/m6LJqljD6JhEKg1q/ruyshorts-A854qBVkKEFrMnw8.jpg]
[assets.zyrosite.com/cdn-cgi/image/format=auto,w=49,h=48,fit=crop/m6LJqljD6JhEKg1q/ruyshorts-A854qBVkKEFrMnw8.jpg]
[assets.zyrosite.com/cdn-cgi/image/format=auto,w=19,h=11,fit=crop,trim=34.07692307692308;0;34.07692307692308;0/m6LJqljD6JhEKg1q/youtube_logo-YNqr9aP0nwfaN2Zb.png]
[assets.zyrosite.com/cdn-cgi/image/format=auto,w=24,h=15,fit=crop,trim=26.058823529411764;0;26.058823529411764;0/m6LJqljD6JhEKg1q/youtube_logo-YNqr9aP0nwfaN2Zb.png]
[assets.zyrosite.com/cdn-cgi/image/format=auto,w=22,h=14,fit=crop,trim=29.53333333333333;0;29.53333333333333;0/m6LJqljD6JhEKg1q/youtube_logo-YNqr9aP0nwfaN2Zb.png]
[hollyrudgi.com.br/index.html]
[hollyrudgi.com.br/_astro-1721667831222/_slug_.Cbh2bJqY.css]
[hollyrudgi.com.br/t.html]
[assets.zyrosite.com/cdn-cgi/image/format=auto,w=606,h=360,fit=crop/m6LJqljD6JhEKg1q/hollyrudgi-sign-AVLbPz93bzskEVG1.jpg]
[assets.zyrosite.com/cdn-cgi/image/format=auto,w=328,h=264,fit=crop/m6LJqljD6JhEKg1q/hollyrudgi-sign-AVLbPz93bzskEVG1.jpg]
[assets.zyrosite.com/cdn-cgi/image/format=auto,w=606,h=360,fit=crop/m6LJqljD6JhEKg1q/whatsapp-image-2024-07-20-at-17.11.16-1-mk392owZPGszVpag.jpg]
[assets.zyrosite.com/cdn-cgi/image/format=auto,w=328,h=264,fit=crop/m6LJqljD6JhEKg1q/whatsapp-image-2024-07-20-at-17.11.16-1-mk392owZPGszVpag.jpg]
[assets.zyrosite.com/cdn-cgi/image/format=auto,w=26,h=31,fit=crop/m6LJqljD6JhEKg1q/vecteezy_red-circle-png-red-dot-icon_16314339-Y4LJoNkJ8vcJ3rLJ.png]
[assets.zyrosite.com/cdn-cgi/image/format=auto,w=25,h=24,fit=crop/m6LJqljD6JhEKg1q/vecteezy_red-circle-png-red-dot-icon_16314339-Y4LJoNkJ8vcJ3rLJ.png]
[hollyrudgi.com.br/sobre.html]
[assets.zyrosite.com/cdn-cgi/image/format=auto,w=612,h=440,fit=crop/m6LJqljD6JhEKg1q/whatsapp-image-2024-07-20-at-17.11.16-1-mk392owZPGszVpag.jpg]
[assets.zyrosite.com/cdn-cgi/image/format=auto,w=194,h=276,fit=crop/m6LJqljD6JhEKg1q/img_8706-YNqrDz3RqNulqBE4.jpg]
[assets.zyrosite.com/cdn-cgi/image/format=auto,w=158,h=144,fit=crop/m6LJqljD6JhEKg1q/img_8706-YNqrDz3RqNulqBE4.jpg]
[assets.zyrosite.com/cdn-cgi/image/format=auto,w=194,h=276,fit=crop/m6LJqljD6JhEKg1q/snapinsta.app_333733709_3521374688186089_8936275257172714952_n_1080-Yyv7yexQgOhjqgxz.jpg]
[assets.zyrosite.com/cdn-cgi/image/format=auto,w=158,h=144,fit=crop/m6LJqljD6JhEKg1q/snapinsta.app_333733709_3521374688186089_8936275257172714952_n_1080-Yyv7yexQgOhjqgxz.jpg]
[assets.zyrosite.com/cdn-cgi/image/format=auto,w=194,h=276,fit=crop/m6LJqljD6JhEKg1q/369e0c82-e34b-4abe-bf25-3c41cc33afed-YBg4EDGqMVC0ngjZ.jpg]
[assets.zyrosite.com/cdn-cgi/image/format=auto,w=158,h=144,fit=crop/m6LJqljD6JhEKg1q/369e0c82-e34b-4abe-bf25-3c41cc33afed-YBg4EDGqMVC0ngjZ.jpg]
[assets.zyrosite.com/cdn-cgi/image/format=auto,w=194,h=276,fit=crop/m6LJqljD6JhEKg1q/brisandocomrudgi-m5Kbp3neynSGvwRJ.jpg]
[assets.zyrosite.com/cdn-cgi/image/format=auto,w=158,h=144,fit=crop/m6LJqljD6JhEKg1q/brisandocomrudgi-m5Kbp3neynSGvwRJ.jpg]
[assets.zyrosite.com/cdn-cgi/image/format=auto,w=52,h=53,fit=crop/m6LJqljD6JhEKg1q/unnamed-1-YrDN9v2gpgf8wZRv.png]
[assets.zyrosite.com/cdn-cgi/image/format=auto,w=132,h=128,fit=crop/m6LJqljD6JhEKg1q/unnamed-1-YrDN9v2gpgf8wZRv.png]
[assets.zyrosite.com/cdn-cgi/image/format=auto,w=45,h=45,fit=crop/m6LJqljD6JhEKg1q/40d4ed077052376f0bdd4a733f3d0429-d95gW0lQGnUOE5nQ.png]
[assets.zyrosite.com/cdn-cgi/image/format=auto,w=126,h=123,fit=crop/m6LJqljD6JhEKg1q/40d4ed077052376f0bdd4a733f3d0429-d95gW0lQGnUOE5nQ.png]
[assets.zyrosite.com/cdn-cgi/image/format=auto,w=47,h=52,fit=crop/m6LJqljD6JhEKg1q/d48d60b648c547f4603eafedb273e2d6-Yyv7Ebng6OcLOZog.png]
[assets.zyrosite.com/cdn-cgi/image/format=auto,w=147,h=143,fit=crop/m6LJqljD6JhEKg1q/d48d60b648c547f4603eafedb273e2d6-Yyv7Ebng6OcLOZog.png]
[hollyrudgi.com.br/servicos.html]
[hollyrudgi.com.br/contato.html]
